Karamata_sqrt_cycle_left_3vars (u v w k l right : ℝ) (hu : u ≥ 0) (hv : v ≥ 0) (hw : w ≥ 0) (h1 : u + v - w ≥ 0)
  (h2 : u + w - v ≥ 0) (h3 : v + w - u ≥ 0) (hk : k ≥ 0) (h : k * (sqrt u + sqrt v + sqrt w) + l ≤ right) :
  k * (sqrt(u + v - w) + sqrt(u + w - v) + sqrt(v + w - u)) + l ≤ right
Karamata_sqrt_cycle_right_3vars (u v w k l left : ℝ) (hu : u ≥ 0) (hv : v ≥ 0) (hw : w ≥ 0) (h1 : u + v - w ≥ 0)
  (h2 : u + w - v ≥ 0) (h3 : v + w - u ≥ 0) (hk : k ≥ 0)
  (h : left ≤ k * (sqrt(u + v - w) + sqrt(u + w - v) + sqrt(v + w - u)) + l) : left ≤ k * (sqrt u + sqrt v + sqrt w) + l
Karamata_square_cycle_left_3vars (u v w k l right : ℝ) (hk : k ≥ 0)
  (h : k * ((u + v - w) ^ 2 + (u + w - v) ^ 2 + (v + w - u) ^ 2) + l ≤ right) : k * (u ^ 2 + v ^ 2 + w ^ 2) + l ≤ right
Karamata_square_cycle_right_3vars (u v w k l left : ℝ) (hk : k ≥ 0) (h : left ≤ k * (u ^ 2 + v ^ 2 + w ^ 2) + l) :
  left ≤ k * ((u + v - w) ^ 2 + (u + w - v) ^ 2 + (v + w - u) ^ 2) + l
